query1_ext.tpl
query2_ext.tpl
query3_ext.tpl
query4_ext.tpl
query5_ext.tpl
query6_ext.tpl
query7_ext.tpl
query8_ext.tpl
query9_ext.tpl
query10_ext.tpl
query11_ext.tpl
query12_ext.tpl
query13.tpl
query14_ext.tpl
query15_ext.tpl
query16_ext.tpl
query17_ext.tpl
query18_ext.tpl
query19_ext.tpl
query20_ext.tpl
query21_ext.tpl
query22_ext.tpl
query23_ext.tpl
query24_ext.tpl
query25_ext.tpl
query26_ext.tpl
query27_ext.tpl
query28_ext.tpl
query29_ext.tpl
query30_ext.tpl
query31.tpl
query32_ext.tpl
query33_ext.tpl
query34_ext.tpl
query35_ext.tpl
query36_ext.tpl
query37_ext.tpl
query38_ext.tpl
query39.tpl
query40_ext.tpl
query41_ext.tpl
query42_ext.tpl
query43_ext.tpl
query44_ext.tpl
query45_ext.tpl
query46_ext.tpl
query47_ext.tpl
query48.tpl
query49_ext.tpl
query50_ext.tpl
query51_ext.tpl
query52_ext.tpl
query53_ext.tpl
query54_ext.tpl
query55_ext.tpl
query56_ext.tpl
query57_ext.tpl
query58_ext.tpl
query59_ext.tpl
query60_ext.tpl
query61_ext.tpl
query62_ext.tpl
query63_ext.tpl
query64_ext.tpl
query65_ext.tpl
query66_ext.tpl
query67_ext.tpl
query68_ext.tpl
query69_ext.tpl
query70_ext.tpl
query71_ext.tpl
query72_ext.tpl
query73_ext.tpl
query74_ext.tpl
query75_ext.tpl
query76_ext.tpl
query77_ext.tpl
query78_ext.tpl
query79_ext.tpl
query80_ext.tpl
query81_ext.tpl
query82_ext.tpl
query83_ext.tpl
query84_ext.tpl
query85_ext.tpl
query86_ext.tpl
query87.tpl
query88_ext.tpl
query89_ext.tpl
query90_ext.tpl
query91.tpl
query92_ext.tpl
query93_ext.tpl
query94_ext.tpl
query95_ext.tpl
query96_ext.tpl
query97_ext.tpl
query98.tpl
query99_ext.tpl
